[01:22:12.869 Driver.cs:65:.ctor] Loading...
[01:22:12.915 Config.cs:70:Load] Loading config from: "C:\Users\guill\AppData\Local\RlTracker\settings.json".
[01:22:12.961 Config.cs:91:Load] Config loaded from "C:\Users\guill\AppData\Local\RlTracker\settings.json":
[01:22:12.970 Config.cs:114:Apply] Epic config applied.
[01:22:12.971 Config.cs:119:Apply] Steam config applied.
[01:22:12.971 Driver.cs:72:.ctor] Loaded.
[01:22:12.975 Driver.cs:190:OnConnectionChanged] Connecting
[01:22:12.991 Driver.cs:181:OnConnectionChanged] Connected
[01:25:32.194 Driver.cs:190:OnConnectionChanged] Disconnecting
[01:25:32.197 Driver.cs:185:OnConnectionChanged] Disconnected
[01:27:50.283 Driver.cs:65:.ctor] Logs will be stored in: "C:\Users\guill\Desktop\repos\rl_tracker\.artifacts\bin\RlTracker.Ui\debug\logs\rltracker.log"
[01:27:50.284 Driver.cs:66:.ctor] Loading...
[01:27:50.288 Config.cs:70:Load] Loading config from: "C:\Users\guill\AppData\Local\RlTracker\settings.json".
[01:27:50.288 Config.cs:73:Load] Config file not found.
[01:27:50.288 Config.cs:140:CreateDefault] Creating default config...
[01:27:50.305 Config.cs:125:Save] Saving config:
[01:27:50.338 Config.cs:135:Save] Config saved to: "C:\Users\guill\AppData\Local\RlTracker\settings.json".
[01:27:50.338 InstallEpic.cs:58:AutoDetectInstallDir] RL Epic dir detected: "C:\Program Files\Epic Games\rocketleague".
[01:27:50.343 Config.cs:125:Save] Saving config:
[01:27:50.344 Config.cs:135:Save] Config saved to: "C:\Users\guill\AppData\Local\RlTracker\settings.json".
[01:27:50.344 InstallSteam.cs:40:AutoDetectInstallDir] RL Steam dir detected: "C:\Program Files (x86)\Steam\steamapps\common\rocketleague".
[01:27:50.344 Config.cs:125:Save] Saving config:
[01:27:50.345 Config.cs:135:Save] Config saved to: "C:\Users\guill\AppData\Local\RlTracker\settings.json".
[01:27:50.349 Config.cs:114:Apply] Epic config applied.
[01:27:50.350 Config.cs:119:Apply] Steam config applied.
[01:27:50.350 Driver.cs:73:.ctor] Loaded.
[01:27:50.354 Driver.cs:191:OnConnectionChanged] Connecting
[01:27:50.369 Driver.cs:182:OnConnectionChanged] Connected
[01:28:27.409 Driver.cs:191:OnConnectionChanged] Disconnecting
[01:28:27.412 Driver.cs:186:OnConnectionChanged] Disconnected
